// Jest Snapshot v1, https://goo.gl/fbAQLP

exports[`test class association popup render 1`] = `
<body>
  <div>
    <div>
      <section>
        <div
          class="sc-bBXqnf lcLrCN"
        >
          <input
            class="sc-idOhPF sc-dIUggk fRtIsx evrA-Dk"
            value=""
          />
          <button
            class="sc-kEjbxe sc-iqHYGH knrHfJ YcFVB"
            color="link"
            tabindex="-1"
          >
            <svg
              class="sc-bdfBwQ KSdSD"
              height="16px"
              viewBox="0 0 448 512"
              width="16px"
              xmlns="http://www.w3.org/2000/svg"
            >
              <path
                d="M440 64H336l-33.6-44.8A48 48 0 0 0 264 0h-80a48 48 0 0 0-38.4 19.2L112 64H8a8 8 0 0 0-8 8v16a8 8 0 0 0 8 8h18.9l33.2 372.3a48 48 0 0 0 47.8 43.7h232.2a48 48 0 0 0 47.8-43.7L421.1 96H440a8 8 0 0 0 8-8V72a8 8 0 0 0-8-8zM171.2 38.4A16.1 16.1 0 0 1 184 32h80a16.1 16.1 0 0 1 12.8 6.4L296 64H152zm184.8 427a15.91 15.91 0 0 1-15.9 14.6H107.9A15.91 15.91 0 0 1 92 465.4L59 96h330z"
              />
            </svg>
          </button>
        </div>
        <hr
          class="sc-fKFyDc iWhBjd"
        />
      </section>
      <section>
        <div
          class="sc-crrsfI juINEA"
        >
          <button
            class="sc-kEjbxe sc-iqHYGH knrHfJ imjqpY sc-dQppl ioJrxb"
            color="primary"
          >
            Abstract
          </button>
          <button
            class="sc-kEjbxe sc-iqHYGH knrHfJ imjqpY sc-dQppl ioJrxb"
            color="primary"
          >
            Interface
          </button>
          <button
            class="sc-kEjbxe sc-iqHYGH knrHfJ imjqpY sc-dQppl ioJrxb"
            color="primary"
          >
            Enumeration
          </button>
        </div>
        <hr
          class="sc-fKFyDc iWhBjd"
        />
      </section>
      <section>
        <h1
          class="sc-dmlrTW gRzRGq"
        >
          Attributes
        </h1>
        <div
          class="sc-bBXqnf lcLrCN"
        >
          <input
            class="sc-idOhPF sc-dIUggk fRtIsx gkPRBK"
            value="attribute"
          />
          <button
            class="sc-kEjbxe sc-iqHYGH knrHfJ YcFVB"
            color="link"
            tabindex="-1"
          >
            <svg
              class="sc-bdfBwQ KSdSD"
              height="16px"
              viewBox="0 0 448 512"
              width="16px"
              xmlns="http://www.w3.org/2000/svg"
            >
              <path
                d="M440 64H336l-33.6-44.8A48 48 0 0 0 264 0h-80a48 48 0 0 0-38.4 19.2L112 64H8a8 8 0 0 0-8 8v16a8 8 0 0 0 8 8h18.9l33.2 372.3a48 48 0 0 0 47.8 43.7h232.2a48 48 0 0 0 47.8-43.7L421.1 96H440a8 8 0 0 0 8-8V72a8 8 0 0 0-8-8zM171.2 38.4A16.1 16.1 0 0 1 184 32h80a16.1 16.1 0 0 1 12.8 6.4L296 64H152zm184.8 427a15.91 15.91 0 0 1-15.9 14.6H107.9A15.91 15.91 0 0 1 92 465.4L59 96h330z"
              />
            </svg>
          </button>
        </div>
        <input
          class="sc-idOhPF sc-dIUggk fRtIsx bPVqP"
          value=""
        />
      </section>
      <section>
        <hr
          class="sc-fKFyDc iWhBjd"
        />
        <h1
          class="sc-dmlrTW gRzRGq"
        >
          Methods
        </h1>
        <div
          class="sc-bBXqnf lcLrCN"
        >
          <input
            class="sc-idOhPF sc-dIUggk fRtIsx gkPRBK"
            value="classMethod"
          />
          <button
            class="sc-kEjbxe sc-iqHYGH knrHfJ YcFVB"
            color="link"
            tabindex="-1"
          >
            <svg
              class="sc-bdfBwQ KSdSD"
              height="16px"
              viewBox="0 0 448 512"
              width="16px"
              xmlns="http://www.w3.org/2000/svg"
            >
              <path
                d="M440 64H336l-33.6-44.8A48 48 0 0 0 264 0h-80a48 48 0 0 0-38.4 19.2L112 64H8a8 8 0 0 0-8 8v16a8 8 0 0 0 8 8h18.9l33.2 372.3a48 48 0 0 0 47.8 43.7h232.2a48 48 0 0 0 47.8-43.7L421.1 96H440a8 8 0 0 0 8-8V72a8 8 0 0 0-8-8zM171.2 38.4A16.1 16.1 0 0 1 184 32h80a16.1 16.1 0 0 1 12.8 6.4L296 64H152zm184.8 427a15.91 15.91 0 0 1-15.9 14.6H107.9A15.91 15.91 0 0 1 92 465.4L59 96h330z"
              />
            </svg>
          </button>
        </div>
        <input
          class="sc-idOhPF sc-dIUggk fRtIsx bPVqP"
          value=""
        />
      </section>
    </div>
  </div>
</body>
`;
